// Jest Snapshot v1, https://goo.gl/fbAQLP

exports[`App renders correctly 1`] = `
<div
  className="App"
>
  <h1>
    Stunt double App
  </h1>
  <Card
    age="30"
    bio="aspiring milf"
    key="0"
    location="LA"
    name="Mila Kunis"
  />
</div>
`;
