// Jest Snapshot v1, https://goo.gl/fbAQLP

exports[`Result component renders correctly 1`] = `
<div
  className="result"
>
  <h1>
    There's no one new around you
  </h1>
  <div
    className="result-superliked"
  >
    <h2>
      People you Superliked!
    </h2>
    <div
      className="result-profiles superliked"
    >
      <ResultCard
        img="Richard-Cetrone"
        key="1"
        name="Richard Cetrone"
      />
    </div>
  </div>
  <div
    className="result-liked"
  >
    <h2>
      People you liked... let's hope they like you too!
    </h2>
    <div
      className="result-profiles liked"
    >
      <ResultCard
        img="Alicia-Vela-Bailey"
        key="0"
        name="Alicia Vela-Bailey"
      />
    </div>
  </div>
  <div
    className="result-disliked"
  >
    <h2>
      People you disliked
    </h2>
    <div
      className="result-profiles disliked"
    >
      <ResultCard
        img="Renae-Moneymaker"
        key="2"
        name="Renae Moneymaker"
      />
    </div>
  </div>
</div>
`;
