// Jest Snapshot v1, https://goo.gl/fbAQLP

exports[`ResultCard component renders correctly 1`] = `
<styled.div
  img="Rosie-Mac"
>
  <Styled(styled.h1)>
    Rosie Mac
  </Styled(styled.h1)>
</styled.div>
`;
